// Jest Snapshot v1, https://goo.gl/fbAQLP

exports[`should render ExpenseList with empty message 1`] = `
<div>
  <h1>
    Expense List
  </h1>
  <p>
    No expenses
  </p>
</div>
`;

exports[`should render ExpenseList with expenses 1`] = `
<div>
  <h1>
    Expense List
  </h1>
  <ExpenseListItem
    amount={105000}
    createdAt={0}
    description="Rent"
    id="1"
    key="1"
    note=""
  />
  <ExpenseListItem
    amount={750}
    createdAt={-345600000}
    description="Coffee"
    id="2"
    key="2"
    note=""
  />
  <ExpenseListItem
    amount={9955}
    createdAt={345600000}
    description="Gas bill"
    id="3"
    key="3"
    note=""
  />
</div>
`;
