// Jest Snapshot v1, https://goo.gl/fbAQLP

exports[`should render ExpenseListItem with expense 1`] = `
<div>
  <Link
    replace={false}
    to="/edit/1"
  >
    <h3>
      Rent
    </h3>
  </Link>
  <p>
    $1,050.00
    -
    January 1st, 1970
  </p>
</div>
`;
